#-----------------------------------------------------------
# Vivado v2025.2 (64-bit)
# SW Build 6299465 on Fri Nov 14 19:35:11 GMT 2025
# IP Build 6300035 on Fri Nov 14 10:48:45 MST 2025
# SharedData Build 6298862 on Thu Nov 13 04:50:51 MST 2025
# Start of session at: Mon May  4 09:58:03 2026
# Process ID         : 19984
# Current directory  : C:/Users/niumu/Refocusing/camera_screen/camera_screen.runs/cam_to_mem_processing_system7_0_0_synth_1
# Command line       : vivado.exe -log cam_to_mem_processing_system7_0_0.vds -product Vivado -mode batch -messageDb vivado.pb -notrace -source cam_to_mem_processing_system7_0_0.tcl
# Log file           : C:/Users/niumu/Refocusing/camera_screen/camera_screen.runs/cam_to_mem_processing_system7_0_0_synth_1/cam_to_mem_processing_system7_0_0.vds
# Journal file       : C:/Users/niumu/Refocusing/camera_screen/camera_screen.runs/cam_to_mem_processing_system7_0_0_synth_1\vivado.jou
# Running On         : DanielsLaptop
# Platform           : Windows Server 2016 or Windows 10
# Operating System   : 26200
# Processor Detail   : 12th Gen Intel(R) Core(TM) i7-1260P
# CPU Frequency      : 2496 MHz
# CPU Physical cores : 12
# CPU Logical cores  : 16
# Host memory        : 16764 MB
# Swap memory        : 27536 MB
# Total Virtual      : 44301 MB
# Available Virtual  : 12422 MB
#-----------------------------------------------------------
source cam_to_mem_processing_system7_0_0.tcl -notrace
